---
source: crates/compylr-host-python/tests/emit_quality.rs
expression: functions.trim()
---
//! Translated by compylr.

use crate::compat::{
    FastMap, FastSet, IndexOrigin, PyAdd, PyAddAssign, PyAddAssignAt, PyContains,
    PyIterate, PyLen, PyNum, PySetItem, RuntimeError, TextUnits, div_exact,
    py_borrow, py_place, py_str_add, py_str_owned, py_subscript,
};

pub fn alias_chain(a: bool) -> Result<bool, RuntimeError> {
    let b: bool = a;
    let c: bool = b;
    Ok(c)
}

pub fn alias_local() -> Result<String, RuntimeError> {
    let x: String = String::from("hi");
    let y: String = py_str_owned(&(x));
    Ok(y)
}

pub fn alias_parameter(a: i64) -> Result<i64, RuntimeError> {
    let b: i64 = a;
    Ok(b)
}

pub fn annotated_alias(a: i64) -> Result<i64, RuntimeError> {
    let b: i64 = a;
    Ok(b)
}
