---
source: crates/compylr-host-python/tests/emit_quality.rs
expression: functions.trim()
---
//! Translated by compylr.

use std::collections::{HashMap, HashSet};

use crate::compat::{
    IndexOrigin, PyAdd, PyContains, PyIterate, PyLen, PyNum, PySetItem, RuntimeError,
    TextUnits, div_exact, py_place, py_subscript,
};

pub fn counts(words: Vec<String>) -> Result<HashMap<String, i64>, RuntimeError> {
    let mut seen: HashMap<String, i64> = HashMap::from([]);
    {
        let __compylr_iter = &words;
        for __compylr_item in PyIterate::py_iter(__compylr_iter) {
            let word: String = __compylr_item;
            if PyContains::py_contains(&(seen), &(word)) {
                {
                    let __compylr_value = PyAdd::py_add(&(py_subscript(&(seen), &(word), IndexOrigin::FromEitherEnd)?), &(1i64))?;
                    let __compylr_index = word.clone();
                    PySetItem::py_set(&mut (seen), &__compylr_index, __compylr_value)?;
                }
            } else {
                {
                    let __compylr_value = 1i64;
                    let __compylr_index = word.clone();
                    PySetItem::py_set(&mut (seen), &__compylr_index, __compylr_value)?;
                }
            }
        }
    }
    Ok(seen.clone())
}

pub fn evens_below(limit: i64) -> Result<Vec<i64>, RuntimeError> {
    let mut found: Vec<i64> = vec![];
    {
        let __compylr_stop: i64 = limit;
        let __compylr_step: i64 = 1i64;
        if __compylr_step == 0 {
            return Err(RuntimeError::ZeroStep);
        }
        let mut __compylr_cursor: i64 = 0i64;
        while (__compylr_step > 0 && __compylr_cursor < __compylr_stop)
            || (__compylr_step < 0 && __compylr_cursor > __compylr_stop)
        {
            let n: i64 = __compylr_cursor;
            __compylr_cursor = PyAdd::py_add(&(__compylr_cursor), &(__compylr_step))?;
            if ((&(PyNum::rem_floor(&(n), &(2i64))?)) == (&(0i64))) {
                {
                    let __compylr_value = n.clone();
                    (found).push(__compylr_value);
                }
            }
        }
    }
    Ok(found.clone())
}

pub fn has_element(xs: Vec<i64>, x: i64) -> Result<bool, RuntimeError> {
    Ok(PyContains::py_contains(&(xs), &(x)))
}

pub fn has_key(d: HashMap<String, i64>, k: String) -> Result<bool, RuntimeError> {
    Ok(PyContains::py_contains(&(d), &(k)))
}

pub fn has_member(s: HashSet<i64>, x: i64) -> Result<bool, RuntimeError> {
    Ok(PyContains::py_contains(&(s), &(x)))
}

pub fn has_substring(hay: String, needle: String) -> Result<bool, RuntimeError> {
    Ok(PyContains::py_contains(&(hay), &(needle)))
}

pub fn lacks_element(xs: Vec<i64>, x: i64) -> Result<bool, RuntimeError> {
    Ok(!(PyContains::py_contains(&(xs), &(x))))
}

pub fn replace_first(n: i64) -> Result<Vec<i64>, RuntimeError> {
    let mut xs: Vec<i64> = vec![0i64, 0i64, 0i64];
    {
        let __compylr_value = n.clone();
        let __compylr_index = 0i64;
        PySetItem::py_set(&mut (xs), &__compylr_index, __compylr_value)?;
    }
    Ok(xs.clone())
}
