---
source: tests/fixtures.rs
expression: functions
---
[
    Function {
        name: "add",
        params: [
            Param {
                name: "a",
                ty: Int,
            },
            Param {
                name: "b",
                ty: Int,
            },
        ],
        ret: Int,
        body: [
            Return(
                Binary {
                    op: Add {
                        checked: Reported,
                    },
                    left: Name(
                        "a",
                    ),
                    right: Name(
                        "b",
                    ),
                },
            ),
        ],
        doc: None,
        span: Span {
            start: 0,
            end: 48,
        },
    },
    Function {
        name: "difference",
        params: [
            Param {
                name: "a",
                ty: Int,
            },
            Param {
                name: "b",
                ty: Int,
            },
        ],
        ret: Int,
        body: [
            Return(
                Binary {
                    op: Sub {
                        checked: Reported,
                    },
                    left: Name(
                        "a",
                    ),
                    right: Name(
                        "b",
                    ),
                },
            ),
        ],
        doc: None,
        span: Span {
            start: 51,
            end: 106,
        },
    },
    Function {
        name: "scale",
        params: [
            Param {
                name: "a",
                ty: Int,
            },
            Param {
                name: "b",
                ty: Int,
            },
        ],
        ret: Int,
        body: [
            Return(
                Binary {
                    op: Mul {
                        checked: Reported,
                    },
                    left: Name(
                        "a",
                    ),
                    right: Name(
                        "b",
                    ),
                },
            ),
        ],
        doc: None,
        span: Span {
            start: 109,
            end: 159,
        },
    },
    Function {
        name: "halve",
        params: [
            Param {
                name: "a",
                ty: Int,
            },
        ],
        ret: Int,
        body: [
            Return(
                Binary {
                    op: Div {
                        mode: Integer(
                            TowardNegInf,
                        ),
                        checked: Reported,
                    },
                    left: Name(
                        "a",
                    ),
                    right: Literal(
                        Int(
                            2,
                        ),
                    ),
                },
            ),
        ],
        doc: None,
        span: Span {
            start: 162,
            end: 205,
        },
    },
    Function {
        name: "remainder",
        params: [
            Param {
                name: "a",
                ty: Int,
            },
            Param {
                name: "b",
                ty: Int,
            },
        ],
        ret: Int,
        body: [
            Return(
                Binary {
                    op: Rem {
                        sign: Divisor,
                        checked: Reported,
                    },
                    left: Name(
                        "a",
                    ),
                    right: Name(
                        "b",
                    ),
                },
            ),
        ],
        doc: None,
        span: Span {
            start: 208,
            end: 262,
        },
    },
    Function {
        name: "negate",
        params: [
            Param {
                name: "a",
                ty: Int,
            },
        ],
        ret: Int,
        body: [
            Return(
                Neg {
                    value: Name(
                        "a",
                    ),
                    checked: Reported,
                },
            ),
        ],
        doc: None,
        span: Span {
            start: 265,
            end: 305,
        },
    },
]
