---
source: crates/compylr-host-python/tests/fixtures.rs
expression: functions
---
[
    Function {
        name: "add",
        params: [
            Param {
                name: "a",
                ty: Int,
            },
            Param {
                name: "b",
                ty: Int,
            },
        ],
        ret: Int,
        body: [
            Return(
                Binary {
                    op: Add {
                        checked: Reported,
                    },
                    left: Name(
                        "a",
                    ),
                    right: Name(
                        "b",
                    ),
                },
            ),
        ],
        doc: None,
        span: Span {
            start: 321,
            end: 369,
        },
    },
    Function {
        name: "difference",
        params: [
            Param {
                name: "a",
                ty: Int,
            },
            Param {
                name: "b",
                ty: Int,
            },
        ],
        ret: Int,
        body: [
            Return(
                Binary {
                    op: Sub {
                        checked: Reported,
                    },
                    left: Name(
                        "a",
                    ),
                    right: Name(
                        "b",
                    ),
                },
            ),
        ],
        doc: None,
        span: Span {
            start: 372,
            end: 427,
        },
    },
    Function {
        name: "product",
        params: [
            Param {
                name: "a",
                ty: Int,
            },
            Param {
                name: "b",
                ty: Int,
            },
        ],
        ret: Int,
        body: [
            Return(
                Binary {
                    op: Mul {
                        checked: Reported,
                    },
                    left: Name(
                        "a",
                    ),
                    right: Name(
                        "b",
                    ),
                },
            ),
        ],
        doc: None,
        span: Span {
            start: 430,
            end: 482,
        },
    },
    Function {
        name: "halve",
        params: [
            Param {
                name: "a",
                ty: Int,
            },
        ],
        ret: Int,
        body: [
            Return(
                Binary {
                    op: Div {
                        mode: Integer(
                            TowardNegInf,
                        ),
                        checked: Reported,
                    },
                    left: Name(
                        "a",
                    ),
                    right: Literal(
                        Int(
                            2,
                        ),
                    ),
                },
            ),
        ],
        doc: None,
        span: Span {
            start: 485,
            end: 528,
        },
    },
    Function {
        name: "modulo",
        params: [
            Param {
                name: "a",
                ty: Int,
            },
            Param {
                name: "b",
                ty: Int,
            },
        ],
        ret: Int,
        body: [
            Return(
                Binary {
                    op: Rem {
                        sign: Divisor,
                        checked: Reported,
                    },
                    left: Name(
                        "a",
                    ),
                    right: Name(
                        "b",
                    ),
                },
            ),
        ],
        doc: None,
        span: Span {
            start: 531,
            end: 582,
        },
    },
    Function {
        name: "negate",
        params: [
            Param {
                name: "a",
                ty: Int,
            },
        ],
        ret: Int,
        body: [
            Return(
                Neg {
                    value: Name(
                        "a",
                    ),
                    checked: Reported,
                },
            ),
        ],
        doc: None,
        span: Span {
            start: 585,
            end: 625,
        },
    },
]
