---
source: tests/emit_quality.rs
assertion_line: 107
expression: functions.trim()
---
//! Translated from Python by compylr.

use std::collections::{HashMap, HashSet};

use crate::compat::{PyAdd, PyIterate, PyLen, PyNum, RuntimeError, py_subscript, py_truediv};

pub fn alias_chain(a: bool) -> Result<bool, RuntimeError> {
    let b: bool = a;
    let c: bool = b;
    Ok(c)
}

pub fn alias_local() -> Result<String, RuntimeError> {
    let x: String = String::from("hi");
    let y: String = x.clone();
    Ok(y.clone())
}

pub fn alias_parameter(a: i64) -> Result<i64, RuntimeError> {
    let b: i64 = a;
    Ok(b)
}

pub fn annotated_alias(a: i64) -> Result<i64, RuntimeError> {
    let b: i64 = a;
    Ok(b)
}
