---
source: tests/emit_quality.rs
expression: functions.trim()
---
//! Translated by compylr.

use std::collections::{HashMap, HashSet};

use crate::compat::{
    PyAdd, PyContains, PyIterate, PyLen, PyNum, PySetItem, RuntimeError, div_exact,
    py_subscript,
};

pub fn caller(n: i64) -> Result<i64, RuntimeError> {
    Ok(remote_helper(n)?)
}

pub fn remote_helper(n: i64) -> Result<i64, RuntimeError> {
    Ok(PyAdd::py_add(&(n), &(1i64))?)
}
